
Running 6 tests using 1 worker

[1A[2K[1/6] [chromium] › tests/auth.spec.ts:12:9 › Authentication Flow › should show Omoi branding on landing page
[1A[2K[2/6] [chromium] › tests/auth.spec.ts:17:9 › Authentication Flow › should NOT show hero buttons on landing page
[1A[2K[3/6] [chromium] › tests/auth.spec.ts:22:9 › Authentication Flow › should switch between Login and Join modes in Navbar
[1A[2K[4/6] [chromium] › tests/auth.spec.ts:33:9 › Authentication Flow › should register a test user if not exists
[1A[2K[5/6] [chromium] › tests/auth.spec.ts:46:9 › Authentication Flow › should login and redirect to dashboard
[1A[2K[chromium] › tests/auth.spec.ts:46:9 › Authentication Flow › should login and redirect to dashboard
[Test:login] Navigating to /login?mode=login

[1A[2K[Test:login] Filling form...

[1A[2K[Test:login] Submitting...

[1A[2K[Test:login] Success message visible, waiting for dashboard redirect...

[1A[2K[Test:login] Dashboard loaded! URL: http://localhost:3000/dashboard

[1A[2K[6/6] [chromium] › tests/auth.spec.ts:71:9 › Authentication Flow › should redirect authenticated user from / to /dashboard
[1A[2K[chromium] › tests/auth.spec.ts:71:9 › Authentication Flow › should redirect authenticated user from / to /dashboard
[Test:redirect] Logging in...

[1A[2K[Test:redirect] Dashboard loaded after login

[1A[2K[Test:redirect] Navigating to / ...

[1A[2K[Test:redirect] Redirected to dashboard! URL: http://localhost:3000/dashboard

[1A[2K  6 passed (51.2s)

To open last HTML report run:
[36m[39m
[36m  npx playwright show-report[39m
[36m[39m
